Archive member included to satisfy reference by file (symbol)

/usr/lib/gcc/avr/10.1.0/avr35/libgcc.a(_udivmodsi4.o)
                              obj/Arduino-usbserial.o (__udivmodsi4)
/usr/lib/gcc/avr/10.1.0/avr35/libgcc.a(_exit.o)
                              /usr/lib/gcc/avr/10.1.0/../../../../avr/lib/avr35/crtatmega8u2.o (exit)
/usr/lib/gcc/avr/10.1.0/avr35/libgcc.a(_tablejump2.o)
                              obj/DeviceStandardReq.o (__tablejump2__)
/usr/lib/gcc/avr/10.1.0/avr35/libgcc.a(_copy_data.o)
                              obj/Arduino-usbserial.o (__do_copy_data)
/usr/lib/gcc/avr/10.1.0/avr35/libgcc.a(_clear_bss.o)
                              obj/Arduino-usbserial.o (__do_clear_bss)
/usr/lib/gcc/avr/10.1.0/../../../../avr/lib/avr35/libatmega8u2.a(eerd_byte.o)
                              obj/Endpoint.o (eeprom_read_byte)
/usr/lib/gcc/avr/10.1.0/../../../../avr/lib/avr35/libatmega8u2.a(eeupd_byte.o)
                              obj/Endpoint.o (eeprom_update_byte)

Discarded input sections

 .data          0x0000000000000000        0x0 /usr/lib/gcc/avr/10.1.0/../../../../avr/lib/avr35/crtatmega8u2.o
 .bss           0x0000000000000000        0x0 /usr/lib/gcc/avr/10.1.0/../../../../avr/lib/avr35/crtatmega8u2.o
 .text          0x0000000000000000        0x0 obj/Arduino-usbserial.o
 .text.EVENT_CDC_Device_LineEncodingChanged
                0x0000000000000000      0x10e obj/Arduino-usbserial.o
 .text.EVENT_CDC_Device_ControLineStateChanged
                0x0000000000000000       0x50 obj/Arduino-usbserial.o
 .text          0x0000000000000000        0x0 obj/Descriptors.o
 .data          0x0000000000000000        0x0 obj/Descriptors.o
 .bss           0x0000000000000000        0x0 obj/Descriptors.o
 .text          0x0000000000000000        0x0 obj/Device.o
 .data          0x0000000000000000        0x0 obj/Device.o
 .bss           0x0000000000000000        0x0 obj/Device.o
 .text.USB_Device_SendRemoteWakeup
                0x0000000000000000       0x2e obj/Device.o
 .debug_info    0x0000000000000000       0xf5 obj/Device.o
 .debug_abbrev  0x0000000000000000       0x91 obj/Device.o
 .debug_aranges
                0x0000000000000000       0x20 obj/Device.o
 .debug_ranges  0x0000000000000000       0x10 obj/Device.o
 .debug_line    0x0000000000000000      0x18b obj/Device.o
 .debug_str     0x0000000000000000      0x1fb obj/Device.o
 .comment       0x0000000000000000       0x13 obj/Device.o
 .debug_frame   0x0000000000000000       0x24 obj/Device.o
 .text          0x0000000000000000        0x0 obj/Endpoint.o
 .data          0x0000000000000000        0x0 obj/Endpoint.o
 .bss           0x0000000000000000        0x0 obj/Endpoint.o
 .text.Endpoint_BytesToEPSizeMaskDynamic
                0x0000000000000000       0x1c obj/Endpoint.o
 .text.Endpoint_WaitUntilReady
                0x0000000000000000       0x5c obj/Endpoint.o
 .text.Endpoint_Discard_Stream
                0x0000000000000000       0x64 obj/Endpoint.o
 .text.Endpoint_Write_Stream_LE
                0x0000000000000000       0x7a obj/Endpoint.o
 .text.Endpoint_Write_PStream_LE
                0x0000000000000000       0x7a obj/Endpoint.o
 .text.Endpoint_Write_EStream_LE
                0x0000000000000000       0x86 obj/Endpoint.o
 .text.Endpoint_Write_Stream_BE
                0x0000000000000000       0x7e obj/Endpoint.o
 .text.Endpoint_Write_EStream_BE
                0x0000000000000000       0x92 obj/Endpoint.o
 .text.Endpoint_Write_PStream_BE
                0x0000000000000000       0x84 obj/Endpoint.o
 .text.Endpoint_Read_Stream_LE
                0x0000000000000000       0x7a obj/Endpoint.o
 .text.Endpoint_Read_EStream_LE
                0x0000000000000000       0x86 obj/Endpoint.o
 .text.Endpoint_Read_Stream_BE
                0x0000000000000000       0x7e obj/Endpoint.o
 .text.Endpoint_Read_EStream_BE
                0x0000000000000000       0x92 obj/Endpoint.o
 .text.Endpoint_Write_Control_EStream_LE
                0x0000000000000000       0xc2 obj/Endpoint.o
 .text.Endpoint_Write_Control_Stream_BE
                0x0000000000000000       0xb0 obj/Endpoint.o
 .text.Endpoint_Write_Control_PStream_BE
                0x0000000000000000       0xb6 obj/Endpoint.o
 .text.Endpoint_Write_Control_EStream_BE
                0x0000000000000000       0xcc obj/Endpoint.o
 .text.Endpoint_Read_Control_Stream_LE
                0x0000000000000000       0x7e obj/Endpoint.o
 .text.Endpoint_Read_Control_EStream_LE
                0x0000000000000000       0x92 obj/Endpoint.o
 .text.Endpoint_Read_Control_Stream_BE
                0x0000000000000000       0x76 obj/Endpoint.o
 .text.Endpoint_Read_Control_EStream_BE
                0x0000000000000000       0x9c obj/Endpoint.o
 .text          0x0000000000000000        0x0 obj/Host.o
 .data          0x0000000000000000        0x0 obj/Host.o
 .bss           0x0000000000000000        0x0 obj/Host.o
 .debug_line    0x0000000000000000        0x0 obj/Host.o
 .debug_str     0x0000000000000000      0x13c obj/Host.o
 .comment       0x0000000000000000       0x13 obj/Host.o
 .text          0x0000000000000000        0x0 obj/Pipe.o
 .data          0x0000000000000000        0x0 obj/Pipe.o
 .bss           0x0000000000000000        0x0 obj/Pipe.o
 .debug_line    0x0000000000000000        0x0 obj/Pipe.o
 .debug_str     0x0000000000000000      0x13c obj/Pipe.o
 .comment       0x0000000000000000       0x13 obj/Pipe.o
 .text          0x0000000000000000        0x0 obj/USBController.o
 .data          0x0000000000000000        0x0 obj/USBController.o
 .bss           0x0000000000000000        0x0 obj/USBController.o
 .text.USB_ShutDown
                0x0000000000000000       0x32 obj/USBController.o
 .text          0x0000000000000000        0x0 obj/USBInterrupt.o
 .data          0x0000000000000000        0x0 obj/USBInterrupt.o
 .bss           0x0000000000000000        0x0 obj/USBInterrupt.o
 .text          0x0000000000000000        0x0 obj/ConfigDescriptor.o
 .data          0x0000000000000000        0x0 obj/ConfigDescriptor.o
 .bss           0x0000000000000000        0x0 obj/ConfigDescriptor.o
 .text.USB_GetNextDescriptorOfType
                0x0000000000000000       0x42 obj/ConfigDescriptor.o
 .text.USB_GetNextDescriptorOfTypeBefore
                0x0000000000000000       0x4a obj/ConfigDescriptor.o
 .text.USB_GetNextDescriptorOfTypeAfter
                0x0000000000000000       0x3e obj/ConfigDescriptor.o
 .text.USB_GetNextDescriptorComp
                0x0000000000000000       0x7c obj/ConfigDescriptor.o
 .debug_info    0x0000000000000000      0x453 obj/ConfigDescriptor.o
 .debug_abbrev  0x0000000000000000      0x1c6 obj/ConfigDescriptor.o
 .debug_loc     0x0000000000000000      0x529 obj/ConfigDescriptor.o
 .debug_aranges
                0x0000000000000000       0x38 obj/ConfigDescriptor.o
 .debug_ranges  0x0000000000000000       0x28 obj/ConfigDescriptor.o
 .debug_line    0x0000000000000000      0x401 obj/ConfigDescriptor.o
 .debug_str     0x0000000000000000      0x3e9 obj/ConfigDescriptor.o
 .comment       0x0000000000000000       0x13 obj/ConfigDescriptor.o
 .debug_frame   0x0000000000000000       0xbc obj/ConfigDescriptor.o
 .text          0x0000000000000000        0x0 obj/DeviceStandardReq.o
 .data          0x0000000000000000        0x0 obj/DeviceStandardReq.o
 .text          0x0000000000000000        0x0 obj/Events.o
 .data          0x0000000000000000        0x0 obj/Events.o
 .bss           0x0000000000000000        0x0 obj/Events.o
 .text          0x0000000000000000        0x0 obj/HostStandardReq.o
 .data          0x0000000000000000        0x0 obj/HostStandardReq.o
 .bss           0x0000000000000000        0x0 obj/HostStandardReq.o
 .debug_line    0x0000000000000000        0x0 obj/HostStandardReq.o
 .debug_str     0x0000000000000000      0x148 obj/HostStandardReq.o
 .comment       0x0000000000000000       0x13 obj/HostStandardReq.o
 .text          0x0000000000000000        0x0 obj/USBTask.o
 .data          0x0000000000000000        0x0 obj/USBTask.o
 .text          0x0000000000000000        0x0 obj/HIDParser.o
 .data          0x0000000000000000        0x0 obj/HIDParser.o
 .bss           0x0000000000000000        0x0 obj/HIDParser.o
 .debug_line    0x0000000000000000        0x0 obj/HIDParser.o
 .debug_str     0x0000000000000000      0x143 obj/HIDParser.o
 .comment       0x0000000000000000       0x13 obj/HIDParser.o
 .text          0x0000000000000000        0x0 obj/Audio.o
 .data          0x0000000000000000        0x0 obj/Audio.o
 .bss           0x0000000000000000        0x0 obj/Audio.o
 .text.Audio_Device_ProcessControlRequest
                0x0000000000000000       0x48 obj/Audio.o
 .text.Audio_Device_ConfigureEndpoints
                0x0000000000000000       0x52 obj/Audio.o
 .debug_info    0x0000000000000000      0x4ac obj/Audio.o
 .debug_abbrev  0x0000000000000000      0x1e1 obj/Audio.o
 .debug_loc     0x0000000000000000      0x1f3 obj/Audio.o
 .debug_aranges
                0x0000000000000000       0x28 obj/Audio.o
 .debug_ranges  0x0000000000000000       0x30 obj/Audio.o
 .debug_line    0x0000000000000000      0x33e obj/Audio.o
 .debug_str     0x0000000000000000      0x502 obj/Audio.o
 .comment       0x0000000000000000       0x13 obj/Audio.o
 .debug_frame   0x0000000000000000       0x44 obj/Audio.o
 .text          0x0000000000000000        0x0 obj/CDC.o
 .data          0x0000000000000000        0x0 obj/CDC.o
 .bss           0x0000000000000000        0x0 obj/CDC.o
 .debug_line    0x0000000000000000        0x0 obj/CDC.o
 .debug_str     0x0000000000000000      0x13d obj/CDC.o
 .comment       0x0000000000000000       0x13 obj/CDC.o
 .text          0x0000000000000000        0x0 obj/HID.o
 .data          0x0000000000000000        0x0 obj/HID.o
 .bss           0x0000000000000000        0x0 obj/HID.o
 .debug_line    0x0000000000000000        0x0 obj/HID.o
 .debug_str     0x0000000000000000      0x13d obj/HID.o
 .comment       0x0000000000000000       0x13 obj/HID.o
 .text          0x0000000000000000        0x0 obj/MassStorage.o
 .data          0x0000000000000000        0x0 obj/MassStorage.o
 .bss           0x0000000000000000        0x0 obj/MassStorage.o
 .debug_line    0x0000000000000000        0x0 obj/MassStorage.o
 .debug_str     0x0000000000000000      0x145 obj/MassStorage.o
 .comment       0x0000000000000000       0x13 obj/MassStorage.o
 .text          0x0000000000000000        0x0 obj/MIDI.o
 .data          0x0000000000000000        0x0 obj/MIDI.o
 .bss           0x0000000000000000        0x0 obj/MIDI.o
 .debug_line    0x0000000000000000        0x0 obj/MIDI.o
 .debug_str     0x0000000000000000      0x13e obj/MIDI.o
 .comment       0x0000000000000000       0x13 obj/MIDI.o
 .text          0x0000000000000000        0x0 obj/RNDIS.o
 .data          0x0000000000000000        0x0 obj/RNDIS.o
 .bss           0x0000000000000000        0x0 obj/RNDIS.o
 .debug_line    0x0000000000000000        0x0 obj/RNDIS.o
 .debug_str     0x0000000000000000      0x13f obj/RNDIS.o
 .comment       0x0000000000000000       0x13 obj/RNDIS.o
 .text          0x0000000000000000        0x0 obj/Printer.o
 .data          0x0000000000000000        0x0 obj/Printer.o
 .bss           0x0000000000000000        0x0 obj/Printer.o
 .debug_line    0x0000000000000000        0x0 obj/Printer.o
 .debug_str     0x0000000000000000      0x141 obj/Printer.o
 .comment       0x0000000000000000       0x13 obj/Printer.o
 .text          0x0000000000000000        0x0 obj/StillImage.o
 .data          0x0000000000000000        0x0 obj/StillImage.o
 .bss           0x0000000000000000        0x0 obj/StillImage.o
 .debug_line    0x0000000000000000        0x0 obj/StillImage.o
 .debug_str     0x0000000000000000      0x144 obj/StillImage.o
 .comment       0x0000000000000000       0x13 obj/StillImage.o
 .text          0x0000000000000000        0x0 /usr/lib/gcc/avr/10.1.0/avr35/libgcc.a(_udivmodsi4.o)
 .data          0x0000000000000000        0x0 /usr/lib/gcc/avr/10.1.0/avr35/libgcc.a(_udivmodsi4.o)
 .bss           0x0000000000000000        0x0 /usr/lib/gcc/avr/10.1.0/avr35/libgcc.a(_udivmodsi4.o)
 .text.libgcc.mul
                0x0000000000000000        0x0 /usr/lib/gcc/avr/10.1.0/avr35/libgcc.a(_udivmodsi4.o)
 .text.libgcc.div
                0x0000000000000000       0x44 /usr/lib/gcc/avr/10.1.0/avr35/libgcc.a(_udivmodsi4.o)
 .text.libgcc   0x0000000000000000        0x0 /usr/lib/gcc/avr/10.1.0/avr35/libgcc.a(_udivmodsi4.o)
 .text.libgcc.prologue
                0x0000000000000000        0x0 /usr/lib/gcc/avr/10.1.0/avr35/libgcc.a(_udivmodsi4.o)
 .text.libgcc.builtins
                0x0000000000000000        0x0 /usr/lib/gcc/avr/10.1.0/avr35/libgcc.a(_udivmodsi4.o)
 .text.libgcc.fmul
                0x0000000000000000        0x0 /usr/lib/gcc/avr/10.1.0/avr35/libgcc.a(_udivmodsi4.o)
 .text.libgcc.fixed
                0x0000000000000000        0x0 /usr/lib/gcc/avr/10.1.0/avr35/libgcc.a(_udivmodsi4.o)
 .text          0x0000000000000000        0x0 /usr/lib/gcc/avr/10.1.0/avr35/libgcc.a(_exit.o)
 .data          0x0000000000000000        0x0 /usr/lib/gcc/avr/10.1.0/avr35/libgcc.a(_exit.o)
 .bss           0x0000000000000000        0x0 /usr/lib/gcc/avr/10.1.0/avr35/libgcc.a(_exit.o)
 .text.libgcc.mul
                0x0000000000000000        0x0 /usr/lib/gcc/avr/10.1.0/avr35/libgcc.a(_exit.o)
 .text.libgcc.div
                0x0000000000000000        0x0 /usr/lib/gcc/avr/10.1.0/avr35/libgcc.a(_exit.o)
 .text.libgcc   0x0000000000000000        0x0 /usr/lib/gcc/avr/10.1.0/avr35/libgcc.a(_exit.o)
 .text.libgcc.prologue
                0x0000000000000000        0x0 /usr/lib/gcc/avr/10.1.0/avr35/libgcc.a(_exit.o)
 .text.libgcc.builtins
                0x0000000000000000        0x0 /usr/lib/gcc/avr/10.1.0/avr35/libgcc.a(_exit.o)
 .text.libgcc.fmul
                0x0000000000000000        0x0 /usr/lib/gcc/avr/10.1.0/avr35/libgcc.a(_exit.o)
 .text.libgcc.fixed
                0x0000000000000000        0x0 /usr/lib/gcc/avr/10.1.0/avr35/libgcc.a(_exit.o)
 .text          0x0000000000000000        0x0 /usr/lib/gcc/avr/10.1.0/avr35/libgcc.a(_tablejump2.o)
 .data          0x0000000000000000        0x0 /usr/lib/gcc/avr/10.1.0/avr35/libgcc.a(_tablejump2.o)
 .bss           0x0000000000000000        0x0 /usr/lib/gcc/avr/10.1.0/avr35/libgcc.a(_tablejump2.o)
 .text.libgcc.mul
                0x0000000000000000        0x0 /usr/lib/gcc/avr/10.1.0/avr35/libgcc.a(_tablejump2.o)
 .text.libgcc.div
                0x0000000000000000        0x0 /usr/lib/gcc/avr/10.1.0/avr35/libgcc.a(_tablejump2.o)
 .text.libgcc.prologue
                0x0000000000000000        0x0 /usr/lib/gcc/avr/10.1.0/avr35/libgcc.a(_tablejump2.o)
 .text.libgcc.builtins
                0x0000000000000000        0x0 /usr/lib/gcc/avr/10.1.0/avr35/libgcc.a(_tablejump2.o)
 .text.libgcc.fmul
                0x0000000000000000        0x0 /usr/lib/gcc/avr/10.1.0/avr35/libgcc.a(_tablejump2.o)
 .text.libgcc.fixed
                0x0000000000000000        0x0 /usr/lib/gcc/avr/10.1.0/avr35/libgcc.a(_tablejump2.o)
 .text          0x0000000000000000        0x0 /usr/lib/gcc/avr/10.1.0/avr35/libgcc.a(_copy_data.o)
 .data          0x0000000000000000        0x0 /usr/lib/gcc/avr/10.1.0/avr35/libgcc.a(_copy_data.o)
 .bss           0x0000000000000000        0x0 /usr/lib/gcc/avr/10.1.0/avr35/libgcc.a(_copy_data.o)
 .text.libgcc.mul
                0x0000000000000000        0x0 /usr/lib/gcc/avr/10.1.0/avr35/libgcc.a(_copy_data.o)
 .text.libgcc.div
                0x0000000000000000        0x0 /usr/lib/gcc/avr/10.1.0/avr35/libgcc.a(_copy_data.o)
 .text.libgcc   0x0000000000000000        0x0 /usr/lib/gcc/avr/10.1.0/avr35/libgcc.a(_copy_data.o)
 .text.libgcc.prologue
                0x0000000000000000        0x0 /usr/lib/gcc/avr/10.1.0/avr35/libgcc.a(_copy_data.o)
 .text.libgcc.builtins
                0x0000000000000000        0x0 /usr/lib/gcc/avr/10.1.0/avr35/libgcc.a(_copy_data.o)
 .text.libgcc.fmul
                0x0000000000000000        0x0 /usr/lib/gcc/avr/10.1.0/avr35/libgcc.a(_copy_data.o)
 .text.libgcc.fixed
                0x0000000000000000        0x0 /usr/lib/gcc/avr/10.1.0/avr35/libgcc.a(_copy_data.o)
 .text          0x0000000000000000        0x0 /usr/lib/gcc/avr/10.1.0/avr35/libgcc.a(_clear_bss.o)
 .data          0x0000000000000000        0x0 /usr/lib/gcc/avr/10.1.0/avr35/libgcc.a(_clear_bss.o)
 .bss           0x0000000000000000        0x0 /usr/lib/gcc/avr/10.1.0/avr35/libgcc.a(_clear_bss.o)
 .text.libgcc.mul
                0x0000000000000000        0x0 /usr/lib/gcc/avr/10.1.0/avr35/libgcc.a(_clear_bss.o)
 .text.libgcc.div
                0x0000000000000000        0x0 /usr/lib/gcc/avr/10.1.0/avr35/libgcc.a(_clear_bss.o)
 .text.libgcc   0x0000000000000000        0x0 /usr/lib/gcc/avr/10.1.0/avr35/libgcc.a(_clear_bss.o)
 .text.libgcc.prologue
                0x0000000000000000        0x0 /usr/lib/gcc/avr/10.1.0/avr35/libgcc.a(_clear_bss.o)
 .text.libgcc.builtins
                0x0000000000000000        0x0 /usr/lib/gcc/avr/10.1.0/avr35/libgcc.a(_clear_bss.o)
 .text.libgcc.fmul
                0x0000000000000000        0x0 /usr/lib/gcc/avr/10.1.0/avr35/libgcc.a(_clear_bss.o)
 .text.libgcc.fixed
                0x0000000000000000        0x0 /usr/lib/gcc/avr/10.1.0/avr35/libgcc.a(_clear_bss.o)
 .text          0x0000000000000000        0x0 /usr/lib/gcc/avr/10.1.0/../../../../avr/lib/avr35/libatmega8u2.a(eerd_byte.o)
 .data          0x0000000000000000        0x0 /usr/lib/gcc/avr/10.1.0/../../../../avr/lib/avr35/libatmega8u2.a(eerd_byte.o)
 .bss           0x0000000000000000        0x0 /usr/lib/gcc/avr/10.1.0/../../../../avr/lib/avr35/libatmega8u2.a(eerd_byte.o)
 .text.avr-libc
                0x0000000000000000       0x10 /usr/lib/gcc/avr/10.1.0/../../../../avr/lib/avr35/libatmega8u2.a(eerd_byte.o)
 .text          0x0000000000000000        0x0 /usr/lib/gcc/avr/10.1.0/../../../../avr/lib/avr35/libatmega8u2.a(eeupd_byte.o)
 .data          0x0000000000000000        0x0 /usr/lib/gcc/avr/10.1.0/../../../../avr/lib/avr35/libatmega8u2.a(eeupd_byte.o)
 .bss           0x0000000000000000        0x0 /usr/lib/gcc/avr/10.1.0/../../../../avr/lib/avr35/libatmega8u2.a(eeupd_byte.o)
 .text.avr-libc
                0x0000000000000000       0x24 /usr/lib/gcc/avr/10.1.0/../../../../avr/lib/avr35/libatmega8u2.a(eeupd_byte.o)

Memory Configuration

Name             Origin             Length             Attributes
text             0x0000000000000000 0x0000000000010000 xr
data             0x0000000000800060 0x000000000000ffa0 rw !x
eeprom           0x0000000000810000 0x0000000000010000 rw !x
fuse             0x0000000000820000 0x0000000000000400 rw !x
lock             0x0000000000830000 0x0000000000000400 rw !x
signature        0x0000000000840000 0x0000000000000400 rw !x
user_signatures  0x0000000000850000 0x0000000000000400 rw !x
*default*        0x0000000000000000 0xffffffffffffffff

Linker script and memory map

Address of section .data set to 0x800100
LOAD /usr/lib/gcc/avr/10.1.0/../../../../avr/lib/avr35/crtatmega8u2.o
LOAD obj/Arduino-usbserial.o
LOAD obj/Descriptors.o
LOAD obj/Device.o
LOAD obj/Endpoint.o
LOAD obj/Host.o
LOAD obj/Pipe.o
LOAD obj/USBController.o
LOAD obj/USBInterrupt.o
LOAD obj/ConfigDescriptor.o
LOAD obj/DeviceStandardReq.o
LOAD obj/Events.o
LOAD obj/HostStandardReq.o
LOAD obj/USBTask.o
LOAD obj/HIDParser.o
LOAD obj/Audio.o
LOAD obj/CDC.o
LOAD obj/HID.o
LOAD obj/MassStorage.o
LOAD obj/MIDI.o
LOAD obj/RNDIS.o
LOAD obj/Printer.o
LOAD obj/StillImage.o
LOAD /usr/lib/gcc/avr/10.1.0/../../../../avr/lib/avr35/libm.a
START GROUP
LOAD /usr/lib/gcc/avr/10.1.0/avr35/libgcc.a
LOAD /usr/lib/gcc/avr/10.1.0/../../../../avr/lib/avr35/libm.a
LOAD /usr/lib/gcc/avr/10.1.0/../../../../avr/lib/avr35/libc.a
LOAD /usr/lib/gcc/avr/10.1.0/../../../../avr/lib/avr35/libatmega8u2.a
END GROUP
                0x0000000000010000                __TEXT_REGION_LENGTH__ = DEFINED (__TEXT_REGION_LENGTH__)?__TEXT_REGION_LENGTH__:0x10000
                0x000000000000ffa0                __DATA_REGION_LENGTH__ = DEFINED (__DATA_REGION_LENGTH__)?__DATA_REGION_LENGTH__:0xffa0
                0x0000000000010000                __EEPROM_REGION_LENGTH__ = DEFINED (__EEPROM_REGION_LENGTH__)?__EEPROM_REGION_LENGTH__:0x10000
                0x0000000000000400                __FUSE_REGION_LENGTH__ = DEFINED (__FUSE_REGION_LENGTH__)?__FUSE_REGION_LENGTH__:0x400
                0x0000000000000400                __LOCK_REGION_LENGTH__ = DEFINED (__LOCK_REGION_LENGTH__)?__LOCK_REGION_LENGTH__:0x400
                0x0000000000000400                __SIGNATURE_REGION_LENGTH__ = DEFINED (__SIGNATURE_REGION_LENGTH__)?__SIGNATURE_REGION_LENGTH__:0x400
                0x0000000000000400                __USER_SIGNATURE_REGION_LENGTH__ = DEFINED (__USER_SIGNATURE_REGION_LENGTH__)?__USER_SIGNATURE_REGION_LENGTH__:0x400

.hash
 *(.hash)

.dynsym
 *(.dynsym)

.dynstr
 *(.dynstr)

.gnu.version
 *(.gnu.version)

.gnu.version_d
 *(.gnu.version_d)

.gnu.version_r
 *(.gnu.version_r)

.rel.init
 *(.rel.init)

.rela.init
 *(.rela.init)

.rel.text
 *(.rel.text)
 *(.rel.text.*)
 *(.rel.gnu.linkonce.t*)

.rela.text
 *(.rela.text)
 *(.rela.text.*)
 *(.rela.gnu.linkonce.t*)

.rel.fini
 *(.rel.fini)

.rela.fini
 *(.rela.fini)

.rel.rodata
 *(.rel.rodata)
 *(.rel.rodata.*)
 *(.rel.gnu.linkonce.r*)

.rela.rodata
 *(.rela.rodata)
 *(.rela.rodata.*)
 *(.rela.gnu.linkonce.r*)

.rel.data
 *(.rel.data)
 *(.rel.data.*)
 *(.rel.gnu.linkonce.d*)

.rela.data
 *(.rela.data)
 *(.rela.data.*)
 *(.rela.gnu.linkonce.d*)

.rel.ctors
 *(.rel.ctors)

.rela.ctors
 *(.rela.ctors)

.rel.dtors
 *(.rel.dtors)

.rela.dtors
 *(.rela.dtors)

.rel.got
 *(.rel.got)

.rela.got
 *(.rela.got)

.rel.bss
 *(.rel.bss)

.rela.bss
 *(.rela.bss)

.rel.plt
 *(.rel.plt)

.rela.plt
 *(.rela.plt)

.text           0x0000000000000000      0xaac
 *(.vectors)
 .vectors       0x0000000000000000       0x74 /usr/lib/gcc/avr/10.1.0/../../../../avr/lib/avr35/crtatmega8u2.o
                0x0000000000000000                __vectors
                0x0000000000000000                __vector_default
 *(.vectors)
 *(.progmem.gcc*)
                0x0000000000000074                . = ALIGN (0x2)
                0x0000000000000074                __trampolines_start = .
 *(.trampolines)
 .trampolines   0x0000000000000074        0x0 linker stubs
 *(.trampolines*)
                0x0000000000000074                __trampolines_end = .
 *libprintf_flt.a:*(.progmem.data)
 *libc.a:*(.progmem.data)
 *(.progmem.*)
 .progmem.data  0x0000000000000074       0xa2 obj/Descriptors.o
                0x0000000000000074                ProductString
                0x000000000000008e                ManufacturerString
                0x00000000000000c2                LanguageString
                0x00000000000000c6                ConfigurationDescriptor
                0x0000000000000104                DeviceDescriptor
                0x0000000000000116                . = ALIGN (0x2)
 *(.lowtext)
 *(.lowtext*)
                0x0000000000000116                __ctors_start = .
 *(.ctors)
                0x0000000000000116                __ctors_end = .
                0x0000000000000116                __dtors_start = .
 *(.dtors)
                0x0000000000000116                __dtors_end = .
 SORT_BY_NAME(*)(.ctors)
 SORT_BY_NAME(*)(.dtors)
 *(.init0)
 .init0         0x0000000000000116        0x0 /usr/lib/gcc/avr/10.1.0/../../../../avr/lib/avr35/crtatmega8u2.o
                0x0000000000000116                __init
 *(.init0)
 *(.init1)
 *(.init1)
 *(.init2)
 .init2         0x0000000000000116        0xc /usr/lib/gcc/avr/10.1.0/../../../../avr/lib/avr35/crtatmega8u2.o
 *(.init2)
 *(.init3)
 *(.init3)
 *(.init4)
 .init4         0x0000000000000122       0x16 /usr/lib/gcc/avr/10.1.0/avr35/libgcc.a(_copy_data.o)
                0x0000000000000122                __do_copy_data
 .init4         0x0000000000000138       0x10 /usr/lib/gcc/avr/10.1.0/avr35/libgcc.a(_clear_bss.o)
                0x0000000000000138                __do_clear_bss
 *(.init4)
 *(.init5)
 *(.init5)
 *(.init6)
 *(.init6)
 *(.init7)
 *(.init7)
 *(.init8)
 *(.init8)
 *(.init9)
 .init9         0x0000000000000148        0x4 /usr/lib/gcc/avr/10.1.0/../../../../avr/lib/avr35/crtatmega8u2.o
 *(.init9)
 *(.text)
 .text          0x000000000000014c        0x2 /usr/lib/gcc/avr/10.1.0/../../../../avr/lib/avr35/crtatmega8u2.o
                0x000000000000014c                __vector_22
                0x000000000000014c                __vector_28
                0x000000000000014c                __vector_1
                0x000000000000014c                __vector_24
                0x000000000000014c                __bad_interrupt
                0x000000000000014c                __vector_6
                0x000000000000014c                __vector_3
                0x000000000000014c                __vector_25
                0x000000000000014c                __vector_13
                0x000000000000014c                __vector_17
                0x000000000000014c                __vector_19
                0x000000000000014c                __vector_7
                0x000000000000014c                __vector_27
                0x000000000000014c                __vector_5
                0x000000000000014c                __vector_4
                0x000000000000014c                __vector_9
                0x000000000000014c                __vector_2
                0x000000000000014c                __vector_21
                0x000000000000014c                __vector_15
                0x000000000000014c                __vector_8
                0x000000000000014c                __vector_26
                0x000000000000014c                __vector_14
                0x000000000000014c                __vector_10
                0x000000000000014c                __vector_16
                0x000000000000014c                __vector_18
                0x000000000000014c                __vector_20
                0x000000000000014e                . = ALIGN (0x2)
 *(.text.*)
 .text.RingBuffer_Remove
                0x000000000000014e       0x3a obj/Arduino-usbserial.o
 .text.RingBuffer_Insert
                0x0000000000000188       0x3e obj/Arduino-usbserial.o
 .text.SetupHardware
                0x00000000000001c6       0x48 obj/Arduino-usbserial.o
                0x00000000000001c6                SetupHardware
 .text.startup.main
                0x000000000000020e       0xe2 obj/Arduino-usbserial.o
                0x000000000000020e                main
 .text.EVENT_USB_Device_ConfigurationChanged
                0x00000000000002f0        0x8 obj/Arduino-usbserial.o
                0x00000000000002f0                EVENT_USB_Device_ConfigurationChanged
 .text.EVENT_USB_Device_UnhandledControlRequest
                0x00000000000002f8        0x8 obj/Arduino-usbserial.o
                0x00000000000002f8                EVENT_USB_Device_UnhandledControlRequest
 .text.__vector_23
                0x0000000000000300       0x54 obj/Arduino-usbserial.o
                0x0000000000000300                __vector_23
 .text.CALLBACK_USB_GetDescriptor
                0x0000000000000354       0x62 obj/Descriptors.o
                0x0000000000000354                CALLBACK_USB_GetDescriptor
 .text.Endpoint_ConfigureEndpoint_Prv
                0x00000000000003b6       0x26 obj/Endpoint.o
                0x00000000000003b6                Endpoint_ConfigureEndpoint_Prv
 .text.Endpoint_ClearEndpoints
                0x00000000000003dc       0x28 obj/Endpoint.o
                0x00000000000003dc                Endpoint_ClearEndpoints
 .text.Endpoint_ClearStatusStage
                0x0000000000000404       0x3a obj/Endpoint.o
                0x0000000000000404                Endpoint_ClearStatusStage
 .text.Endpoint_Write_Control_Stream_LE
                0x000000000000043e       0xaa obj/Endpoint.o
                0x000000000000043e                Endpoint_Write_Control_Stream_LE
 .text.Endpoint_Write_Control_PStream_LE
                0x00000000000004e8       0xac obj/Endpoint.o
                0x00000000000004e8                Endpoint_Write_Control_PStream_LE
 .text.USB_ResetInterface
                0x0000000000000594       0x7c obj/USBController.o
                0x0000000000000594                USB_ResetInterface
 .text.USB_Init
                0x0000000000000610        0xa obj/USBController.o
                0x0000000000000610                USB_Init
 .text.USB_INT_DisableAllInterrupts
                0x000000000000061a        0x6 obj/USBInterrupt.o
                0x000000000000061a                USB_INT_DisableAllInterrupts
 .text.USB_INT_ClearAllInterrupts
                0x0000000000000620        0x6 obj/USBInterrupt.o
                0x0000000000000620                USB_INT_ClearAllInterrupts
 .text.__vector_11
                0x0000000000000626      0x14e obj/USBInterrupt.o
                0x0000000000000626                __vector_11
 .text.__vector_12
                0x0000000000000774       0x82 obj/USBInterrupt.o
                0x0000000000000774                __vector_12
 .text.USB_Device_ProcessControlRequest
                0x00000000000007f6      0x26e obj/DeviceStandardReq.o
                0x00000000000007f6                USB_Device_ProcessControlRequest
 .text.USB_Event_Stub
                0x0000000000000a64        0x2 obj/Events.o
                0x0000000000000a64                EVENT_USB_Device_Connect
                0x0000000000000a64                EVENT_USB_Device_WakeUp
                0x0000000000000a64                USB_Event_Stub
                0x0000000000000a64                EVENT_USB_Device_Suspend
                0x0000000000000a64                EVENT_USB_Device_StartOfFrame
                0x0000000000000a64                EVENT_USB_Device_Disconnect
                0x0000000000000a64                EVENT_USB_Device_Reset
 .text.USB_USBTask
                0x0000000000000a66       0x22 obj/USBTask.o
                0x0000000000000a66                USB_USBTask
 .text.libgcc   0x0000000000000a88        0xc /usr/lib/gcc/avr/10.1.0/avr35/libgcc.a(_tablejump2.o)
                0x0000000000000a88                __tablejump2__
                0x0000000000000a94                . = ALIGN (0x2)
 *(.fini9)
 .fini9         0x0000000000000a94        0x0 /usr/lib/gcc/avr/10.1.0/avr35/libgcc.a(_exit.o)
                0x0000000000000a94                exit
                0x0000000000000a94                _exit
 *(.fini9)
 *(.fini8)
 *(.fini8)
 *(.fini7)
 *(.fini7)
 *(.fini6)
 *(.fini6)
 *(.fini5)
 *(.fini5)
 *(.fini4)
 *(.fini4)
 *(.fini3)
 *(.fini3)
 *(.fini2)
 *(.fini2)
 *(.fini1)
 *(.fini1)
 *(.fini0)
 .fini0         0x0000000000000a94        0x4 /usr/lib/gcc/avr/10.1.0/avr35/libgcc.a(_exit.o)
 *(.fini0)
 *(.hightext)
 *(.hightext*)
 *(.progmemx.*)
                0x0000000000000a98                . = ALIGN (0x2)
 *(.jumptables)
 *(.jumptables*)
 .jumptables.gcc.USB_Device_ProcessControlRequest
                0x0000000000000a98       0x14 obj/DeviceStandardReq.o
                0x0000000000000aac                _etext = .

.data           0x0000000000800100       0x16 load address 0x0000000000000aac
                0x0000000000800100                PROVIDE (__data_start = .)
 *(.data)
 .data          0x0000000000800100       0x16 obj/Arduino-usbserial.o
                0x0000000000800100                VirtualSerial_CDC_Interface
 *(.data*)
 *(.gnu.linkonce.d*)
 *(.rodata)
 *(.rodata*)
 *(.gnu.linkonce.r*)
                0x0000000000800116                . = ALIGN (0x2)
                0x0000000000800116                _edata = .
                0x0000000000800116                PROVIDE (__data_end = .)

.bss            0x0000000000800116      0x119
                0x0000000000800116                PROVIDE (__bss_start = .)
 *(.bss)
 .bss           0x0000000000800116      0x10d obj/Arduino-usbserial.o
                0x0000000000800116                PulseMSRemaining
                0x0000000000800119                USARTtoUSB_Buffer
                0x000000000080019e                USBtoUSART_Buffer
 .bss           0x0000000000800223        0x3 obj/DeviceStandardReq.o
                0x0000000000800223                USB_RemoteWakeupEnabled
                0x0000000000800224                USB_CurrentlySelfPowered
                0x0000000000800225                USB_ConfigurationNumber
 .bss           0x0000000000800226        0x9 obj/USBTask.o
                0x0000000000800226                USB_ControlRequest
                0x000000000080022e                USB_IsInitialized
 *(.bss*)
 *(COMMON)
                0x000000000080022f                PROVIDE (__bss_end = .)
                0x0000000000000aac                __data_load_start = LOADADDR (.data)
                0x0000000000000ac2                __data_load_end = (__data_load_start + SIZEOF (.data))

.noinit         0x000000000080022f        0x4
                [!provide]                        PROVIDE (__noinit_start = .)
 *(.noinit*)
 .noinit        0x000000000080022f        0x4 obj/Arduino-usbserial.o
                0x000000000080022f                jmpToBootloader
                [!provide]                        PROVIDE (__noinit_end = .)
                0x0000000000800233                _end = .
                [!provide]                        PROVIDE (__heap_start = .)

.eeprom         0x0000000000810000        0x0
 *(.eeprom*)
                0x0000000000810000                __eeprom_end = .

.fuse
 *(.fuse)
 *(.lfuse)
 *(.hfuse)
 *(.efuse)

.lock
 *(.lock*)

.signature
 *(.signature*)

.stab
 *(.stab)

.stabstr
 *(.stabstr)

.stab.excl
 *(.stab.excl)

.stab.exclstr
 *(.stab.exclstr)

.stab.index
 *(.stab.index)

.stab.indexstr
 *(.stab.indexstr)

.comment        0x0000000000000000       0x12
 *(.comment)
 .comment       0x0000000000000000       0x12 obj/Arduino-usbserial.o
                                         0x13 (size before relaxing)
 .comment       0x0000000000000012       0x13 obj/Descriptors.o
 .comment       0x0000000000000012       0x13 obj/Endpoint.o
 .comment       0x0000000000000012       0x13 obj/USBController.o
 .comment       0x0000000000000012       0x13 obj/USBInterrupt.o
 .comment       0x0000000000000012       0x13 obj/DeviceStandardReq.o
 .comment       0x0000000000000012       0x13 obj/Events.o
 .comment       0x0000000000000012       0x13 obj/USBTask.o

.note.gnu.avr.deviceinfo
                0x0000000000000000       0x3c
 .note.gnu.avr.deviceinfo
                0x0000000000000000       0x3c /usr/lib/gcc/avr/10.1.0/../../../../avr/lib/avr35/crtatmega8u2.o

.note.gnu.build-id
 *(.note.gnu.build-id)

.debug
 *(.debug)

.line
 *(.line)

.debug_srcinfo
 *(.debug_srcinfo)

.debug_sfnames
 *(.debug_sfnames)

.debug_aranges  0x0000000000000000      0x230
 *(.debug_aranges)
 .debug_aranges
                0x0000000000000000       0x60 obj/Arduino-usbserial.o
 .debug_aranges
                0x0000000000000060       0x20 obj/Descriptors.o
 .debug_aranges
                0x0000000000000080       0xe8 obj/Endpoint.o
 .debug_aranges
                0x0000000000000168       0x30 obj/USBController.o
 .debug_aranges
                0x0000000000000198       0x38 obj/USBInterrupt.o
 .debug_aranges
                0x00000000000001d0       0x20 obj/DeviceStandardReq.o
 .debug_aranges
                0x00000000000001f0       0x20 obj/Events.o
 .debug_aranges
                0x0000000000000210       0x20 obj/USBTask.o

.debug_pubnames
 *(.debug_pubnames)

.debug_info     0x0000000000000000     0x4d0b
 *(.debug_info .gnu.linkonce.wi.*)
 .debug_info    0x0000000000000000      0x696 /usr/lib/gcc/avr/10.1.0/../../../../avr/lib/avr35/crtatmega8u2.o
 .debug_info    0x0000000000000696      0xd03 obj/Arduino-usbserial.o
 .debug_info    0x0000000000001399      0x6d0 obj/Descriptors.o
 .debug_info    0x0000000000001a69     0x1c90 obj/Endpoint.o
 .debug_info    0x00000000000036f9      0x2fa obj/USBController.o
 .debug_info    0x00000000000039f3      0x4b9 obj/USBInterrupt.o
 .debug_info    0x0000000000003eac      0xb57 obj/DeviceStandardReq.o
 .debug_info    0x0000000000004a03       0x79 obj/Events.o
 .debug_info    0x0000000000004a7c      0x28f obj/USBTask.o

.debug_abbrev   0x0000000000000000     0x1647
 *(.debug_abbrev)
 .debug_abbrev  0x0000000000000000      0x63b /usr/lib/gcc/avr/10.1.0/../../../../avr/lib/avr35/crtatmega8u2.o
 .debug_abbrev  0x000000000000063b      0x353 obj/Arduino-usbserial.o
 .debug_abbrev  0x000000000000098e      0x179 obj/Descriptors.o
 .debug_abbrev  0x0000000000000b07      0x2ac obj/Endpoint.o
 .debug_abbrev  0x0000000000000db3      0x146 obj/USBController.o
 .debug_abbrev  0x0000000000000ef9      0x229 obj/USBInterrupt.o
 .debug_abbrev  0x0000000000001122      0x338 obj/DeviceStandardReq.o
 .debug_abbrev  0x000000000000145a       0x46 obj/Events.o
 .debug_abbrev  0x00000000000014a0      0x1a7 obj/USBTask.o

.debug_line     0x0000000000000000     0x5ac1
 *(.debug_line .debug_line.* .debug_line_end)
 .debug_line    0x0000000000000000       0x1d /usr/lib/gcc/avr/10.1.0/../../../../avr/lib/avr35/crtatmega8u2.o
 .debug_line    0x000000000000001d      0xd1f obj/Arduino-usbserial.o
 .debug_line    0x0000000000000d3c      0x1f9 obj/Descriptors.o
 .debug_line    0x0000000000000f35     0x31c2 obj/Endpoint.o
 .debug_line    0x00000000000040f7      0x45a obj/USBController.o
 .debug_line    0x0000000000004551      0x685 obj/USBInterrupt.o
 .debug_line    0x0000000000004bd6      0xc67 obj/DeviceStandardReq.o
 .debug_line    0x000000000000583d       0x61 obj/Events.o
 .debug_line    0x000000000000589e      0x223 obj/USBTask.o

.debug_frame    0x0000000000000000      0x6d8
 *(.debug_frame)
 .debug_frame   0x0000000000000000      0x120 obj/Arduino-usbserial.o
 .debug_frame   0x0000000000000120       0x24 obj/Descriptors.o
 .debug_frame   0x0000000000000144      0x3c8 obj/Endpoint.o
 .debug_frame   0x000000000000050c       0x44 obj/USBController.o
 .debug_frame   0x0000000000000550       0xfc obj/USBInterrupt.o
 .debug_frame   0x000000000000064c       0x3c obj/DeviceStandardReq.o
 .debug_frame   0x0000000000000688       0x24 obj/Events.o
 .debug_frame   0x00000000000006ac       0x2c obj/USBTask.o

.debug_str      0x0000000000000000     0x1d09
 *(.debug_str)
 .debug_str     0x0000000000000000      0x256 /usr/lib/gcc/avr/10.1.0/../../../../avr/lib/avr35/crtatmega8u2.o
 .debug_str     0x0000000000000256      0x78e obj/Arduino-usbserial.o
                                        0x7e7 (size before relaxing)
 .debug_str     0x00000000000009e4      0x47a obj/Descriptors.o
                                        0x67a (size before relaxing)
 .debug_str     0x0000000000000e5e      0x81f obj/Endpoint.o
                                        0xab3 (size before relaxing)
 .debug_str     0x000000000000167d      0x178 obj/USBController.o
                                        0x3a8 (size before relaxing)
 .debug_str     0x00000000000017f5      0x151 obj/USBInterrupt.o
                                        0x4c7 (size before relaxing)
 .debug_str     0x0000000000001946      0x345 obj/DeviceStandardReq.o
                                        0x8f1 (size before relaxing)
 .debug_str     0x0000000000001c8b       0x38 obj/Events.o
                                        0x1b5 (size before relaxing)
 .debug_str     0x0000000000001cc3       0x46 obj/USBTask.o
                                        0x366 (size before relaxing)

.debug_loc      0x0000000000000000     0x32df
 *(.debug_loc)
 .debug_loc     0x0000000000000000      0x642 obj/Arduino-usbserial.o
 .debug_loc     0x0000000000000642      0x24b obj/Descriptors.o
 .debug_loc     0x000000000000088d     0x23be obj/Endpoint.o
 .debug_loc     0x0000000000002c4b       0x15 obj/USBController.o
 .debug_loc     0x0000000000002c60      0x28f obj/USBInterrupt.o
 .debug_loc     0x0000000000002eef      0x38e obj/DeviceStandardReq.o
 .debug_loc     0x000000000000327d       0x62 obj/USBTask.o

.debug_macinfo
 *(.debug_macinfo)

.debug_weaknames
 *(.debug_weaknames)

.debug_funcnames
 *(.debug_funcnames)

.debug_typenames
 *(.debug_typenames)

.debug_varnames
 *(.debug_varnames)

.debug_pubtypes
 *(.debug_pubtypes)

.debug_ranges   0x0000000000000000      0x3d8
 *(.debug_ranges)
 .debug_ranges  0x0000000000000000       0xf0 obj/Arduino-usbserial.o
 .debug_ranges  0x00000000000000f0       0x10 obj/Descriptors.o
 .debug_ranges  0x0000000000000100      0x180 obj/Endpoint.o
 .debug_ranges  0x0000000000000280       0x20 obj/USBController.o
 .debug_ranges  0x00000000000002a0       0x40 obj/USBInterrupt.o
 .debug_ranges  0x00000000000002e0       0xd8 obj/DeviceStandardReq.o
 .debug_ranges  0x00000000000003b8       0x10 obj/Events.o
 .debug_ranges  0x00000000000003c8       0x10 obj/USBTask.o

.debug_macro
 *(.debug_macro)

.debug_addr
 *(.debug_addr)
OUTPUT(Arduino-usbserial-uno.elf elf32-avr)
LOAD linker stubs

Cross Reference Table

Symbol                                            File
Audio_Device_ConfigureEndpoints                   obj/Audio.o
Audio_Device_ProcessControlRequest                obj/Audio.o
CALLBACK_USB_GetDescriptor                        obj/Descriptors.o
                                                  obj/DeviceStandardReq.o
CDC_Device_ConfigureEndpoints                     obj/Arduino-usbserial.o
CDC_Device_ProcessControlRequest                  obj/Arduino-usbserial.o
CDC_Device_ReceiveByte                            obj/Arduino-usbserial.o
CDC_Device_SendByte                               obj/Arduino-usbserial.o
CDC_Device_USBTask                                obj/Arduino-usbserial.o
ConfigurationDescriptor                           obj/Descriptors.o
DeviceDescriptor                                  obj/Descriptors.o
EVENT_CDC_Device_ControLineStateChanged           obj/Arduino-usbserial.o
EVENT_CDC_Device_LineEncodingChanged              obj/Arduino-usbserial.o
EVENT_USB_Device_ConfigurationChanged             obj/Arduino-usbserial.o
                                                  obj/DeviceStandardReq.o
EVENT_USB_Device_Connect                          obj/Events.o
                                                  obj/USBInterrupt.o
EVENT_USB_Device_Disconnect                       obj/Events.o
                                                  obj/USBInterrupt.o
EVENT_USB_Device_Reset                            obj/Events.o
                                                  obj/USBInterrupt.o
EVENT_USB_Device_StartOfFrame                     obj/Events.o
                                                  obj/USBInterrupt.o
EVENT_USB_Device_Suspend                          obj/Events.o
EVENT_USB_Device_UnhandledControlRequest          obj/Arduino-usbserial.o
                                                  obj/DeviceStandardReq.o
EVENT_USB_Device_WakeUp                           obj/Events.o
Endpoint_BytesToEPSizeMaskDynamic                 obj/Endpoint.o
                                                  obj/Audio.o
Endpoint_ClearEndpoints                           obj/Endpoint.o
                                                  obj/USBInterrupt.o
Endpoint_ClearStatusStage                         obj/Endpoint.o
                                                  obj/Audio.o
                                                  obj/DeviceStandardReq.o
Endpoint_ConfigureEndpoint_Prv                    obj/Endpoint.o
                                                  obj/Audio.o
                                                  obj/USBInterrupt.o
Endpoint_Discard_Stream                           obj/Endpoint.o
Endpoint_Read_Control_EStream_BE                  obj/Endpoint.o
Endpoint_Read_Control_EStream_LE                  obj/Endpoint.o
Endpoint_Read_Control_Stream_BE                   obj/Endpoint.o
Endpoint_Read_Control_Stream_LE                   obj/Endpoint.o
Endpoint_Read_EStream_BE                          obj/Endpoint.o
Endpoint_Read_EStream_LE                          obj/Endpoint.o
Endpoint_Read_Stream_BE                           obj/Endpoint.o
Endpoint_Read_Stream_LE                           obj/Endpoint.o
Endpoint_WaitUntilReady                           obj/Endpoint.o
Endpoint_Write_Control_EStream_BE                 obj/Endpoint.o
Endpoint_Write_Control_EStream_LE                 obj/Endpoint.o
Endpoint_Write_Control_PStream_BE                 obj/Endpoint.o
Endpoint_Write_Control_PStream_LE                 obj/Endpoint.o
                                                  obj/DeviceStandardReq.o
Endpoint_Write_Control_Stream_BE                  obj/Endpoint.o
Endpoint_Write_Control_Stream_LE                  obj/Endpoint.o
                                                  obj/DeviceStandardReq.o
Endpoint_Write_EStream_BE                         obj/Endpoint.o
Endpoint_Write_EStream_LE                         obj/Endpoint.o
Endpoint_Write_PStream_BE                         obj/Endpoint.o
Endpoint_Write_PStream_LE                         obj/Endpoint.o
Endpoint_Write_Stream_BE                          obj/Endpoint.o
Endpoint_Write_Stream_LE                          obj/Endpoint.o
LanguageString                                    obj/Descriptors.o
ManufacturerString                                obj/Descriptors.o
ProductString                                     obj/Descriptors.o
PulseMSRemaining                                  obj/Arduino-usbserial.o
SetupHardware                                     obj/Arduino-usbserial.o
USARTtoUSB_Buffer                                 obj/Arduino-usbserial.o
USB_ConfigurationNumber                           obj/DeviceStandardReq.o
                                                  obj/USBInterrupt.o
                                                  obj/USBController.o
USB_ControlRequest                                obj/USBTask.o
                                                  obj/Audio.o
                                                  obj/DeviceStandardReq.o
                                                  obj/Endpoint.o
USB_CurrentlySelfPowered                          obj/DeviceStandardReq.o
                                                  obj/USBController.o
USB_Device_ProcessControlRequest                  obj/DeviceStandardReq.o
                                                  obj/USBTask.o
                                                  obj/USBInterrupt.o
USB_Device_SendRemoteWakeup                       obj/Device.o
USB_Event_Stub                                    obj/Events.o
USB_GetNextDescriptorComp                         obj/ConfigDescriptor.o
USB_GetNextDescriptorOfType                       obj/ConfigDescriptor.o
USB_GetNextDescriptorOfTypeAfter                  obj/ConfigDescriptor.o
USB_GetNextDescriptorOfTypeBefore                 obj/ConfigDescriptor.o
USB_INT_ClearAllInterrupts                        obj/USBInterrupt.o
                                                  obj/USBController.o
USB_INT_DisableAllInterrupts                      obj/USBInterrupt.o
                                                  obj/USBController.o
USB_Init                                          obj/USBController.o
                                                  obj/Arduino-usbserial.o
USB_IsInitialized                                 obj/USBTask.o
                                                  obj/USBController.o
USB_RemoteWakeupEnabled                           obj/DeviceStandardReq.o
                                                  obj/USBController.o
USB_ResetInterface                                obj/USBController.o
USB_ShutDown                                      obj/USBController.o
USB_USBTask                                       obj/USBTask.o
                                                  obj/Arduino-usbserial.o
USBtoUSART_Buffer                                 obj/Arduino-usbserial.o
VirtualSerial_CDC_Interface                       obj/Arduino-usbserial.o
__bad_interrupt                                   /usr/lib/gcc/avr/10.1.0/../../../../avr/lib/avr35/crtatmega8u2.o
__bss_end                                         /usr/lib/gcc/avr/10.1.0/avr35/libgcc.a(_clear_bss.o)
__bss_start                                       /usr/lib/gcc/avr/10.1.0/avr35/libgcc.a(_clear_bss.o)
__data_end                                        /usr/lib/gcc/avr/10.1.0/avr35/libgcc.a(_copy_data.o)
__data_load_start                                 /usr/lib/gcc/avr/10.1.0/avr35/libgcc.a(_copy_data.o)
__data_start                                      /usr/lib/gcc/avr/10.1.0/avr35/libgcc.a(_copy_data.o)
__do_clear_bss                                    /usr/lib/gcc/avr/10.1.0/avr35/libgcc.a(_clear_bss.o)
                                                  obj/USBTask.o
                                                  obj/DeviceStandardReq.o
                                                  obj/Arduino-usbserial.o
__do_copy_data                                    /usr/lib/gcc/avr/10.1.0/avr35/libgcc.a(_copy_data.o)
                                                  obj/Arduino-usbserial.o
__heap_end                                        /usr/lib/gcc/avr/10.1.0/../../../../avr/lib/avr35/crtatmega8u2.o
__init                                            /usr/lib/gcc/avr/10.1.0/../../../../avr/lib/avr35/crtatmega8u2.o
__stack                                           /usr/lib/gcc/avr/10.1.0/../../../../avr/lib/avr35/crtatmega8u2.o
__tablejump2__                                    /usr/lib/gcc/avr/10.1.0/avr35/libgcc.a(_tablejump2.o)
                                                  obj/DeviceStandardReq.o
__udivmodsi4                                      /usr/lib/gcc/avr/10.1.0/avr35/libgcc.a(_udivmodsi4.o)
                                                  obj/Arduino-usbserial.o
__vector_1                                        /usr/lib/gcc/avr/10.1.0/../../../../avr/lib/avr35/crtatmega8u2.o
__vector_10                                       /usr/lib/gcc/avr/10.1.0/../../../../avr/lib/avr35/crtatmega8u2.o
__vector_11                                       obj/USBInterrupt.o
                                                  /usr/lib/gcc/avr/10.1.0/../../../../avr/lib/avr35/crtatmega8u2.o
__vector_12                                       obj/USBInterrupt.o
                                                  /usr/lib/gcc/avr/10.1.0/../../../../avr/lib/avr35/crtatmega8u2.o
__vector_13                                       /usr/lib/gcc/avr/10.1.0/../../../../avr/lib/avr35/crtatmega8u2.o
__vector_14                                       /usr/lib/gcc/avr/10.1.0/../../../../avr/lib/avr35/crtatmega8u2.o
__vector_15                                       /usr/lib/gcc/avr/10.1.0/../../../../avr/lib/avr35/crtatmega8u2.o
__vector_16                                       /usr/lib/gcc/avr/10.1.0/../../../../avr/lib/avr35/crtatmega8u2.o
__vector_17                                       /usr/lib/gcc/avr/10.1.0/../../../../avr/lib/avr35/crtatmega8u2.o
__vector_18                                       /usr/lib/gcc/avr/10.1.0/../../../../avr/lib/avr35/crtatmega8u2.o
__vector_19                                       /usr/lib/gcc/avr/10.1.0/../../../../avr/lib/avr35/crtatmega8u2.o
__vector_2                                        /usr/lib/gcc/avr/10.1.0/../../../../avr/lib/avr35/crtatmega8u2.o
__vector_20                                       /usr/lib/gcc/avr/10.1.0/../../../../avr/lib/avr35/crtatmega8u2.o
__vector_21                                       /usr/lib/gcc/avr/10.1.0/../../../../avr/lib/avr35/crtatmega8u2.o
__vector_22                                       /usr/lib/gcc/avr/10.1.0/../../../../avr/lib/avr35/crtatmega8u2.o
__vector_23                                       obj/Arduino-usbserial.o
                                                  /usr/lib/gcc/avr/10.1.0/../../../../avr/lib/avr35/crtatmega8u2.o
__vector_24                                       /usr/lib/gcc/avr/10.1.0/../../../../avr/lib/avr35/crtatmega8u2.o
__vector_25                                       /usr/lib/gcc/avr/10.1.0/../../../../avr/lib/avr35/crtatmega8u2.o
__vector_26                                       /usr/lib/gcc/avr/10.1.0/../../../../avr/lib/avr35/crtatmega8u2.o
__vector_27                                       /usr/lib/gcc/avr/10.1.0/../../../../avr/lib/avr35/crtatmega8u2.o
__vector_28                                       /usr/lib/gcc/avr/10.1.0/../../../../avr/lib/avr35/crtatmega8u2.o
__vector_3                                        /usr/lib/gcc/avr/10.1.0/../../../../avr/lib/avr35/crtatmega8u2.o
__vector_4                                        /usr/lib/gcc/avr/10.1.0/../../../../avr/lib/avr35/crtatmega8u2.o
__vector_5                                        /usr/lib/gcc/avr/10.1.0/../../../../avr/lib/avr35/crtatmega8u2.o
__vector_6                                        /usr/lib/gcc/avr/10.1.0/../../../../avr/lib/avr35/crtatmega8u2.o
__vector_7                                        /usr/lib/gcc/avr/10.1.0/../../../../avr/lib/avr35/crtatmega8u2.o
__vector_8                                        /usr/lib/gcc/avr/10.1.0/../../../../avr/lib/avr35/crtatmega8u2.o
__vector_9                                        /usr/lib/gcc/avr/10.1.0/../../../../avr/lib/avr35/crtatmega8u2.o
__vector_default                                  /usr/lib/gcc/avr/10.1.0/../../../../avr/lib/avr35/crtatmega8u2.o
__vectors                                         /usr/lib/gcc/avr/10.1.0/../../../../avr/lib/avr35/crtatmega8u2.o
_exit                                             /usr/lib/gcc/avr/10.1.0/avr35/libgcc.a(_exit.o)
eeprom_read_byte                                  /usr/lib/gcc/avr/10.1.0/../../../../avr/lib/avr35/libatmega8u2.a(eerd_byte.o)
                                                  obj/Endpoint.o
eeprom_update_byte                                /usr/lib/gcc/avr/10.1.0/../../../../avr/lib/avr35/libatmega8u2.a(eeupd_byte.o)
                                                  obj/Endpoint.o
eeprom_update_r18                                 /usr/lib/gcc/avr/10.1.0/../../../../avr/lib/avr35/libatmega8u2.a(eeupd_byte.o)
exit                                              /usr/lib/gcc/avr/10.1.0/avr35/libgcc.a(_exit.o)
                                                  /usr/lib/gcc/avr/10.1.0/../../../../avr/lib/avr35/crtatmega8u2.o
jmpToBootloader                                   obj/Arduino-usbserial.o
main                                              obj/Arduino-usbserial.o
                                                  /usr/lib/gcc/avr/10.1.0/../../../../avr/lib/avr35/crtatmega8u2.o
